// Jest Snapshot v1, https://goo.gl/fbAQLP

exports[`App component renders App 1`] = `
<Fragment>
  <header
    name="Rad Guy"
  />
  <h1>
    Hello World
  </h1>
  <Cat
    age="unknown but maybe 16"
    name="Morris"
    weight="26lbs"
  />
  <ColorPicker />
  <Cat
    age="9"
    name="Butter"
    weight="14lbs"
  />
  <Button
    buttonProp="good for you"
  />
  <Cat
    age="4 or 5"
    name="Paddington"
    weight="16lbs"
  />
  <Footer
    footerMsg="Stoopy"
  />
</Fragment>
`;
